Deprecated local debug artifact. Safe to ignore.

